// Vitest Snapshot v1

exports[`card.svelte > mounts 1`] = `"<div><div class=\\"card rounded overflow-hidden m-2 flex-grow flex flex-col shadow-2xl\\"><div class=\\"bg-primary p-2 pb-0 flex-none cursor-pointer\\"><div class=\\"flex justify-between\\"><div class=\\"flex cursor-default s-bhrrJQ_CHuYm\\"><span class=\\"mr-2 font-semibold s-bhrrJQ_CHuYm\\"><i class=\\"fas fa-chevron-right icon s-bhrrJQ_CHuYm isOpen\\"></i> TabTest</span> <ul class=\\"tabs s-bhrrJQ_CHuYm\\"><div class=\\"tab tab-lifted tab-active s-bhrrJQ_CHuYm\\"><i class=\\"mr-1 fab fa-git-alt s-bhrrJQ_CHuYm\\"></i> title1 </div><div class=\\"tab tab-lifted text-primary-content s-bhrrJQ_CHuYm\\"><i class=\\"mr-1 far fa-bookmark s-bhrrJQ_CHuYm\\"></i> title2 </div></ul></div><!--<Tabs>--> <div class=\\"flex gap-x-4 items-center -mt-2\\"></div></div></div> <div class=\\"card-body p-0 flex-grow overflow-auto text-base-content\\"></div></div><!--<Card>--></div>"`;
